// Jest Snapshot v1, https://goo.gl/fbAQLP

exports[`CreateAccount should match Snap shot 1`] = `
<form
  className="createaccount-section"
  onSubmit={[Function]}
>
  <input
    onClick={[Function]}
    type="button"
    value="login"
  />
  <h2>
    CREATE ACCOUNT
  </h2>
  <input
    onChange={[Function]}
    placeholder="Username"
    type="text"
  />
  <input
    onChange={[Function]}
    placeholder="Password"
    type="password"
  />
  <input
    type="submit"
    value="Create"
  />
</form>
`;
